Microchip Technology Inc, v1.35 (A)

Tool Name:
  c:\program files (x86)\microchip\xc16\v1.35\bin\bin\..\bin/elf-ld.exe

Command:
  -p33FJ06GS101A \
  -o \
  dist/default/production/PIC33F.production.elf \
  -Lc:/program files (x86)/microchip/xc16/v1.35/bin/bin/.. \
  -Lc:/program files (x86)/microchip/xc16/v1.35/bin/bin/../../lib \
  -Lc:/program files (x86)/microchip/xc16/v1.35/bin/bin/../../support/PIC24E/gld \
  -Lc:/program files (x86)/microchip/xc16/v1.35/bin/bin/../../support/PIC24F/gld \
  -Lc:/program files (x86)/microchip/xc16/v1.35/bin/bin/../../support/PIC24H/gld \
  -Lc:/program files (x86)/microchip/xc16/v1.35/bin/bin/../../support/dsPIC30F/gld \
  -Lc:/program files (x86)/microchip/xc16/v1.35/bin/bin/../../support/dsPIC33C/gld \
  -Lc:/program files (x86)/microchip/xc16/v1.35/bin/bin/../../support/dsPIC33E/gld \
  -Lc:/program files (x86)/microchip/xc16/v1.35/bin/bin/../../support/dsPIC33F/gld \
  build/default/production/main.o \
  --defsym=__MPLAB_BUILD=1 \
  -Tp33FJ06GS101A.gld.00 \
  --stack=16 \
  --check-sections \
  --data-init \
  --pack-data \
  --handles \
  --isr \
  --no-gc-sections \
  --fill-upper=0 \
  --stackguard=16 \
  --no-force-link \
  --smart-io \
  -Map=dist/default/production/PIC33F.production.map \
  --report-mem \
  --memorysummary \
  dist/default/production/memoryfile.xml \
  -start-group \
  --library=lega-pic30-elf \
  --library=m-elf \
  --library=lega-c-elf \
  -end-group \


Optional library libp33FJ06GS101A.a not found
Archive member included because of file (symbol)

c:/program files (x86)/microchip/xc16/v1.35/bin/bin/../../lib\liblega-pic30-elf.a(crt0_standard.o)
                              (__resetPRI)
c:/program files (x86)/microchip/xc16/v1.35/bin/bin/../../lib\liblega-pic30-elf.a(data_init_standard.o)
                              c:/program files (x86)/microchip/xc16/v1.35/bin/bin/../../lib\liblega-pic30-elf.a(crt0_standard.o) (__data_init_standard)
c:/program files (x86)/microchip/xc16/v1.35/bin/bin/../../lib\liblega-pic30-elf.a(crt_start_mode_normal.Leo)
                              (__crt_start_mode_normal)


Selected CodeGuard Options:
  FGS:GWRP:OFF
  FGS:GCP:OFF

CodeGuard FLASH Memory:
  boot    (none)
  secure  (none)
  general 0x200 to 0xfee

CodeGuard RAM Memory:
  general 0x800 to 0x8ff
  secure  (none)
  boot    (none)


xc16-ld 1.35 (A)

"program" Memory  [Origin = 0x200, Length = 0xdf0]

section                    address   length (PC units)   length (bytes) (dec)
-------                    -------   -----------------   --------------------
.text                        0x200                0xce           0x135  (309)
.text                        0x2ce                 0xa             0xf  (15)

                 Total "program" memory used (bytes):          0x144  (324) 6%


"data" Memory  [Origin = 0x800, Length = 0x100]

section                    address      alignment gaps    total length  (dec)
-------                    -------      --------------    -------------------

                 Total "data" memory used (bytes):              0  (0) 


Dynamic Memory Usage

region                     address                      maximum length  (dec)
------                     -------                      ---------------------
heap                             0                                   0  (0)
stack                        0x800                               0x100  (256)

                 Maximum dynamic memory (bytes):          0x100  (256)


External Symbols in Program Memory (by address):

                  0x000200                  __resetPRI
                  0x00023c                  __psv_init
                  0x000252                  __data_init_standard
                  0x000252                  __data_init
                  0x0002c8                  __DefaultInterrupt
                  0x0002ce                  _main
                  0x000ffa                  __FGS.sec

External Symbols in Program Memory (by name):

                  0x0002c8                  __DefaultInterrupt
                  0x000ffa                  __FGS.sec
                  0x000252                  __data_init
                  0x000252                  __data_init_standard
                  0x00023c                  __psv_init
                  0x000200                  __resetPRI
                  0x0002ce                  _main

Memory Configuration

Name             Origin             Length             Attributes
data             0x000800           0x000100           a !xr
reset            0x000000           0x000004  
ivt              0x000004           0x0000fc  
_reserved        0x000100           0x000004  
aivt             0x000104           0x0000fc  
program          0x000200           0x000df0           xr
FICD             0x000ff0           0x000002  
FWDT             0x000ff4           0x000002  
FOSC             0x000ff6           0x000002  
FOSCSEL          0x000ff8           0x000002  
FGS              0x000ffa           0x000002  
*default*        0x000000           0xffffffff  

Linker script and memory map

LOAD build/default/production/main.o
                    0x0001                  __MPLAB_BUILD = 0x1
LOAD p33FJ06GS101A
LOAD c:/program files (x86)/microchip/xc16/v1.35/bin/bin/../../lib\libfx-elf.a
                    0x0ff0                  __FICD = 0xff0
                    0x0ff4                  __FWDT = 0xff4
                    0x0ff6                  __FOSC = 0xff6
                    0x0ff8                  __FOSCSEL = 0xff8
                    0x0ffa                  __FGS = 0xffa
                    0x0001                  __NO_HANDLES = 0x1
                    0x0200                  __CODE_BASE = 0x200
                    0x0df0                  __CODE_LENGTH = 0xdf0
                    0x0004                  __IVT_BASE = 0x4
                    0x0104                  __AIVT_BASE = 0x104
                    0x0800                  __DATA_BASE = 0x800
                    0x0100                  __DATA_LENGTH = 0x100
                    0x0880                  __YDATA_BASE = 0x880

.reset            0x000000          0x4
                  0x000000          0x2 SHORT 0x200 ABSOLUTE (__reset)
                  0x000001          0x2 SHORT 0x4
                  0x000002          0x2 SHORT 0x0 ((ABSOLUTE (__reset) >> 0x10) & 0x7f)
                  0x000003          0x2 SHORT 0x0

.text             0x000200         0xce
 *(.init)
 .init            0x000200         0x4c c:/program files (x86)/microchip/xc16/v1.35/bin/bin/../../lib\liblega-pic30-elf.a(crt0_standard.o)
                  0x000200                  __resetPRI
                  0x000200                  __reset
                  0x00023c                  __psv_init
 .init            0x00024c         0x7c c:/program files (x86)/microchip/xc16/v1.35/bin/bin/../../lib\liblega-pic30-elf.a(data_init_standard.o)
                  0x000252                  __data_init_standard
                  0x000252                  __data_init
 *(.user_init)
 *(.handle)
 *(.isr*)
 .isr             0x0002c8          0x4 default_isr
                  0x0002c8                  __DefaultInterrupt
 *(.libc)
 *(.libm)
 *(.libdsp)
 *(.lib*)
 .libpic30_crt_start_mode
                  0x0002cc          0x2 c:/program files (x86)/microchip/xc16/v1.35/bin/bin/../../lib\liblega-pic30-elf.a(crt_start_mode_normal.Leo)
                  0x0002cc                  __crt_start_mode
                  0x0002cc                  __crt_start_mode_normal

usercode
 *(usercode)

__FICD
 *(__FICD.sec*)

__FWDT
 *(__FWDT.sec*)

__FOSC
 *(__FOSC.sec*)

__FOSCSEL
 *(__FOSCSEL.sec*)

__FGS             0x000ffa          0x2
 *(__FGS.sec*)
 __FGS.sec        0x000ffa          0x2 /CW/_FGSp"Þ
                  0x000ffa                  __FGS.sec

.comment
 *(.comment)

.debug_info       0x000000        0x18a
 *(.debug_info)
 .debug_info      0x000000        0x18a build/default/production/main.o
 *(.gnu.linkonce.wi.*)

.debug_abbrev     0x000000         0x59
 *(.debug_abbrev)
 .debug_abbrev    0x000000         0x59 build/default/production/main.o

.debug_line       0x000000         0xeb
 *(.debug_line)
 .debug_line      0x000000         0xeb build/default/production/main.o

.debug_frame      0x000000         0x30
 *(.debug_frame)
 .debug_frame     0x000000         0x30 build/default/production/main.o

.debug_loc
 *(.debug_loc)

.debug_macinfo
 *(.debug_macinfo)

.debug_pubnames
                  0x000000         0x1b
 *(.debug_pubnames)
 .debug_pubnames
                  0x000000         0x1b build/default/production/main.o

.debug_ranges
 *(.debug_ranges)

.debug_aranges    0x000000         0x18
 *(.debug_aranges)
 .debug_aranges
                  0x000000         0x18 build/default/production/main.o
                    0x0000                  WREG0 = 0x0
                    0x0000                  _WREG0 = 0x0
                    0x0002                  WREG1 = 0x2
                    0x0002                  _WREG1 = 0x2
                    0x0004                  WREG2 = 0x4
                    0x0004                  _WREG2 = 0x4
                    0x0006                  WREG3 = 0x6
                    0x0006                  _WREG3 = 0x6
                    0x0008                  WREG4 = 0x8
                    0x0008                  _WREG4 = 0x8
                    0x000a                  WREG5 = 0xa
                    0x000a                  _WREG5 = 0xa
                    0x000c                  WREG6 = 0xc
                    0x000c                  _WREG6 = 0xc
                    0x000e                  WREG7 = 0xe
                    0x000e                  _WREG7 = 0xe
                    0x0010                  WREG8 = 0x10
                    0x0010                  _WREG8 = 0x10
                    0x0012                  WREG9 = 0x12
                    0x0012                  _WREG9 = 0x12
                    0x0014                  WREG10 = 0x14
                    0x0014                  _WREG10 = 0x14
                    0x0016                  WREG11 = 0x16
                    0x0016                  _WREG11 = 0x16
                    0x0018                  WREG12 = 0x18
                    0x0018                  _WREG12 = 0x18
                    0x001a                  WREG13 = 0x1a
                    0x001a                  _WREG13 = 0x1a
                    0x001c                  WREG14 = 0x1c
                    0x001c                  _WREG14 = 0x1c
                    0x001e                  WREG15 = 0x1e
                    0x001e                  _WREG15 = 0x1e
                    0x0020                  SPLIM = 0x20
                    0x0020                  _SPLIM = 0x20
                    0x0022                  ACCAL = 0x22
                    0x0022                  _ACCAL = 0x22
                    0x0024                  ACCAH = 0x24
                    0x0024                  _ACCAH = 0x24
                    0x0026                  ACCAU = 0x26
                    0x0026                  _ACCAU = 0x26
                    0x0028                  ACCBL = 0x28
                    0x0028                  _ACCBL = 0x28
                    0x002a                  ACCBH = 0x2a
                    0x002a                  _ACCBH = 0x2a
                    0x002c                  ACCBU = 0x2c
                    0x002c                  _ACCBU = 0x2c
                    0x002e                  PCL = 0x2e
                    0x002e                  _PCL = 0x2e
                    0x0030                  PCH = 0x30
                    0x0030                  _PCH = 0x30
                    0x0032                  TBLPAG = 0x32
                    0x0032                  _TBLPAG = 0x32
                    0x0034                  PSVPAG = 0x34
                    0x0034                  _PSVPAG = 0x34
                    0x0036                  RCOUNT = 0x36
                    0x0036                  _RCOUNT = 0x36
                    0x0038                  DCOUNT = 0x38
                    0x0038                  _DCOUNT = 0x38
                    0x003a                  DOSTARTL = 0x3a
                    0x003a                  _DOSTARTL = 0x3a
                    0x003c                  DOSTARTH = 0x3c
                    0x003c                  _DOSTARTH = 0x3c
                    0x003e                  DOENDL = 0x3e
                    0x003e                  _DOENDL = 0x3e
                    0x0040                  DOENDH = 0x40
                    0x0040                  _DOENDH = 0x40
                    0x0042                  SR = 0x42
                    0x0042                  _SR = 0x42
                    0x0042                  _SRbits = 0x42
                    0x0044                  CORCON = 0x44
                    0x0044                  _CORCON = 0x44
                    0x0044                  _CORCONbits = 0x44
                    0x0046                  MODCON = 0x46
                    0x0046                  _MODCON = 0x46
                    0x0046                  _MODCONbits = 0x46
                    0x0048                  XMODSRT = 0x48
                    0x0048                  _XMODSRT = 0x48
                    0x004a                  XMODEND = 0x4a
                    0x004a                  _XMODEND = 0x4a
                    0x004c                  YMODSRT = 0x4c
                    0x004c                  _YMODSRT = 0x4c
                    0x004e                  YMODEND = 0x4e
                    0x004e                  _YMODEND = 0x4e
                    0x0050                  XBREV = 0x50
                    0x0050                  _XBREV = 0x50
                    0x0050                  _XBREVbits = 0x50
                    0x0052                  DISICNT = 0x52
                    0x0052                  _DISICNT = 0x52
                    0x0060                  CNEN1 = 0x60
                    0x0060                  _CNEN1 = 0x60
                    0x0060                  _CNEN1bits = 0x60
                    0x0068                  CNPU1 = 0x68
                    0x0068                  _CNPU1 = 0x68
                    0x0068                  _CNPU1bits = 0x68
                    0x0080                  INTCON1 = 0x80
                    0x0080                  _INTCON1 = 0x80
                    0x0080                  _INTCON1bits = 0x80
                    0x0082                  INTCON2 = 0x82
                    0x0082                  _INTCON2 = 0x82
                    0x0082                  _INTCON2bits = 0x82
                    0x0084                  IFS0 = 0x84
                    0x0084                  _IFS0 = 0x84
                    0x0084                  _IFS0bits = 0x84
                    0x0086                  IFS1 = 0x86
                    0x0086                  _IFS1 = 0x86
                    0x0086                  _IFS1bits = 0x86
                    0x008a                  IFS3 = 0x8a
                    0x008a                  _IFS3 = 0x8a
                    0x008a                  _IFS3bits = 0x8a
                    0x008c                  IFS4 = 0x8c
                    0x008c                  _IFS4 = 0x8c
                    0x008c                  _IFS4bits = 0x8c
                    0x008e                  IFS5 = 0x8e
                    0x008e                  _IFS5 = 0x8e
                    0x008e                  _IFS5bits = 0x8e
                    0x0090                  IFS6 = 0x90
                    0x0090                  _IFS6 = 0x90
                    0x0090                  _IFS6bits = 0x90
                    0x0092                  IFS7 = 0x92
                    0x0092                  _IFS7 = 0x92
                    0x0092                  _IFS7bits = 0x92
                    0x0094                  IEC0 = 0x94
                    0x0094                  _IEC0 = 0x94
                    0x0094                  _IEC0bits = 0x94
                    0x0096                  IEC1 = 0x96
                    0x0096                  _IEC1 = 0x96
                    0x0096                  _IEC1bits = 0x96
                    0x009a                  IEC3 = 0x9a
                    0x009a                  _IEC3 = 0x9a
                    0x009a                  _IEC3bits = 0x9a
                    0x009c                  IEC4 = 0x9c
                    0x009c                  _IEC4 = 0x9c
                    0x009c                  _IEC4bits = 0x9c
                    0x009e                  IEC5 = 0x9e
                    0x009e                  _IEC5 = 0x9e
                    0x009e                  _IEC5bits = 0x9e
                    0x00a0                  IEC6 = 0xa0
                    0x00a0                  _IEC6 = 0xa0
                    0x00a0                  _IEC6bits = 0xa0
                    0x00a2                  IEC7 = 0xa2
                    0x00a2                  _IEC7 = 0xa2
                    0x00a2                  _IEC7bits = 0xa2
                    0x00a4                  IPC0 = 0xa4
                    0x00a4                  _IPC0 = 0xa4
                    0x00a4                  _IPC0bits = 0xa4
                    0x00a6                  IPC1 = 0xa6
                    0x00a6                  _IPC1 = 0xa6
                    0x00a6                  _IPC1bits = 0xa6
                    0x00a8                  IPC2 = 0xa8
                    0x00a8                  _IPC2 = 0xa8
                    0x00a8                  _IPC2bits = 0xa8
                    0x00aa                  IPC3 = 0xaa
                    0x00aa                  _IPC3 = 0xaa
                    0x00aa                  _IPC3bits = 0xaa
                    0x00ac                  IPC4 = 0xac
                    0x00ac                  _IPC4 = 0xac
                    0x00ac                  _IPC4bits = 0xac
                    0x00ae                  IPC5 = 0xae
                    0x00ae                  _IPC5 = 0xae
                    0x00ae                  _IPC5bits = 0xae
                    0x00b2                  IPC7 = 0xb2
                    0x00b2                  _IPC7 = 0xb2
                    0x00b2                  _IPC7bits = 0xb2
                    0x00c0                  IPC14 = 0xc0
                    0x00c0                  _IPC14 = 0xc0
                    0x00c0                  _IPC14bits = 0xc0
                    0x00c4                  IPC16 = 0xc4
                    0x00c4                  _IPC16 = 0xc4
                    0x00c4                  _IPC16bits = 0xc4
                    0x00cc                  IPC20 = 0xcc
                    0x00cc                  _IPC20 = 0xcc
                    0x00cc                  _IPC20bits = 0xcc
                    0x00d2                  IPC23 = 0xd2
                    0x00d2                  _IPC23 = 0xd2
                    0x00d2                  _IPC23bits = 0xd2
                    0x00d4                  IPC24 = 0xd4
                    0x00d4                  _IPC24 = 0xd4
                    0x00d4                  _IPC24bits = 0xd4
                    0x00da                  IPC27 = 0xda
                    0x00da                  _IPC27 = 0xda
                    0x00da                  _IPC27bits = 0xda
                    0x00dc                  IPC28 = 0xdc
                    0x00dc                  _IPC28 = 0xdc
                    0x00dc                  _IPC28bits = 0xdc
                    0x00e0                  INTTREG = 0xe0
                    0x00e0                  _INTTREG = 0xe0
                    0x00e0                  _INTTREGbits = 0xe0
                    0x0100                  TMR1 = 0x100
                    0x0100                  _TMR1 = 0x100
                    0x0102                  PR1 = 0x102
                    0x0102                  _PR1 = 0x102
                    0x0104                  T1CON = 0x104
                    0x0104                  _T1CON = 0x104
                    0x0104                  _T1CONbits = 0x104
                    0x0106                  TMR2 = 0x106
                    0x0106                  _TMR2 = 0x106
                    0x010c                  PR2 = 0x10c
                    0x010c                  _PR2 = 0x10c
                    0x0110                  T2CON = 0x110
                    0x0110                  _T2CON = 0x110
                    0x0110                  _T2CONbits = 0x110
                    0x0180                  OC1RS = 0x180
                    0x0180                  _OC1RS = 0x180
                    0x0182                  OC1R = 0x182
                    0x0182                  _OC1R = 0x182
                    0x0184                  OC1CON = 0x184
                    0x0184                  _OC1CON = 0x184
                    0x0184                  _OC1CONbits = 0x184
                    0x0200                  I2C1RCV = 0x200
                    0x0200                  _I2C1RCV = 0x200
                    0x0200                  I2CRCV = 0x200
                    0x0200                  _I2CRCV = 0x200
                    0x0202                  I2C1TRN = 0x202
                    0x0202                  _I2C1TRN = 0x202
                    0x0202                  I2CTRN = 0x202
                    0x0202                  _I2CTRN = 0x202
                    0x0204                  I2C1BRG = 0x204
                    0x0204                  _I2C1BRG = 0x204
                    0x0206                  I2C1CON = 0x206
                    0x0206                  _I2C1CON = 0x206
                    0x0206                  _I2C1CONbits = 0x206
                    0x0206                  I2CCON = 0x206
                    0x0206                  _I2CCON = 0x206
                    0x0206                  _I2CCONbits = 0x206
                    0x0208                  I2C1STAT = 0x208
                    0x0208                  _I2C1STAT = 0x208
                    0x0208                  _I2C1STATbits = 0x208
                    0x0208                  I2CSTAT = 0x208
                    0x0208                  _I2CSTAT = 0x208
                    0x0208                  _I2CSTATbits = 0x208
                    0x020a                  I2C1ADD = 0x20a
                    0x020a                  _I2C1ADD = 0x20a
                    0x020a                  I2CADD = 0x20a
                    0x020a                  _I2CADD = 0x20a
                    0x020c                  I2C1MSK = 0x20c
                    0x020c                  _I2C1MSK = 0x20c
                    0x0220                  U1MODE = 0x220
                    0x0220                  _U1MODE = 0x220
                    0x0220                  _U1MODEbits = 0x220
                    0x0222                  U1STA = 0x222
                    0x0222                  _U1STA = 0x222
                    0x0222                  _U1STAbits = 0x222
                    0x0224                  U1TXREG = 0x224
                    0x0224                  _U1TXREG = 0x224
                    0x0224                  _U1TXREGbits = 0x224
                    0x0226                  U1RXREG = 0x226
                    0x0226                  _U1RXREG = 0x226
                    0x0226                  _U1RXREGbits = 0x226
                    0x0228                  U1BRG = 0x228
                    0x0228                  _U1BRG = 0x228
                    0x0240                  SPI1STAT = 0x240
                    0x0240                  _SPI1STAT = 0x240
                    0x0240                  _SPI1STATbits = 0x240
                    0x0242                  SPI1CON1 = 0x242
                    0x0242                  _SPI1CON1 = 0x242
                    0x0242                  _SPI1CON1bits = 0x242
                    0x0244                  SPI1CON2 = 0x244
                    0x0244                  _SPI1CON2 = 0x244
                    0x0244                  _SPI1CON2bits = 0x244
                    0x0248                  SPI1BUF = 0x248
                    0x0248                  _SPI1BUF = 0x248
                    0x02c0                  TRISA = 0x2c0
                    0x02c0                  _TRISA = 0x2c0
                    0x02c0                  _TRISAbits = 0x2c0
                    0x02c2                  PORTA = 0x2c2
                    0x02c2                  _PORTA = 0x2c2
                    0x02c2                  _PORTAbits = 0x2c2
                    0x02c4                  LATA = 0x2c4
                    0x02c4                  _LATA = 0x2c4
                    0x02c4                  _LATAbits = 0x2c4
                    0x02c6                  ODCA = 0x2c6
                    0x02c6                  _ODCA = 0x2c6
                    0x02c6                  _ODCAbits = 0x2c6
                    0x02c8                  TRISB = 0x2c8
                    0x02c8                  _TRISB = 0x2c8
                    0x02c8                  _TRISBbits = 0x2c8
                    0x02ca                  PORTB = 0x2ca
                    0x02ca                  _PORTB = 0x2ca
                    0x02ca                  _PORTBbits = 0x2ca
                    0x02cc                  LATB = 0x2cc
                    0x02cc                  _LATB = 0x2cc
                    0x02cc                  _LATBbits = 0x2cc
                    0x02ce                  ODCB = 0x2ce
                    0x02ce                  _ODCB = 0x2ce
                    0x02ce                  _ODCBbits = 0x2ce
                    0x0300                  ADCON = 0x300
                    0x0300                  _ADCON = 0x300
                    0x0300                  _ADCONbits = 0x300
                    0x0302                  ADPCFG = 0x302
                    0x0302                  _ADPCFG = 0x302
                    0x0302                  _ADPCFGbits = 0x302
                    0x0306                  ADSTAT = 0x306
                    0x0306                  _ADSTAT = 0x306
                    0x0306                  _ADSTATbits = 0x306
                    0x0308                  ADBASE = 0x308
                    0x0308                  _ADBASE = 0x308
                    0x030a                  ADCPC0 = 0x30a
                    0x030a                  _ADCPC0 = 0x30a
                    0x030a                  _ADCPC0bits = 0x30a
                    0x030c                  ADCPC1 = 0x30c
                    0x030c                  _ADCPC1 = 0x30c
                    0x030c                  _ADCPC1bits = 0x30c
                    0x0310                  ADCPC3 = 0x310
                    0x0310                  _ADCPC3 = 0x310
                    0x0310                  _ADCPC3bits = 0x310
                    0x0320                  ADCBUF0 = 0x320
                    0x0320                  _ADCBUF0 = 0x320
                    0x0322                  ADCBUF1 = 0x322
                    0x0322                  _ADCBUF1 = 0x322
                    0x0324                  ADCBUF2 = 0x324
                    0x0324                  _ADCBUF2 = 0x324
                    0x0326                  ADCBUF3 = 0x326
                    0x0326                  _ADCBUF3 = 0x326
                    0x032c                  ADCBUF6 = 0x32c
                    0x032c                  _ADCBUF6 = 0x32c
                    0x032e                  ADCBUF7 = 0x32e
                    0x032e                  _ADCBUF7 = 0x32e
                    0x033a                  ADCBUF13 = 0x33a
                    0x033a                  _ADCBUF13 = 0x33a
                    0x0400                  PTCON = 0x400
                    0x0400                  _PTCON = 0x400
                    0x0400                  _PTCONbits = 0x400
                    0x0402                  PTCON2 = 0x402
                    0x0402                  _PTCON2 = 0x402
                    0x0402                  _PTCON2bits = 0x402
                    0x0404                  PTPER = 0x404
                    0x0404                  _PTPER = 0x404
                    0x0406                  SEVTCMP = 0x406
                    0x0406                  _SEVTCMP = 0x406
                    0x040a                  MDC = 0x40a
                    0x040a                  _MDC = 0x40a
                    0x041a                  CHOP = 0x41a
                    0x041a                  _CHOP = 0x41a
                    0x041a                  _CHOPbits = 0x41a
                    0x0420                  PWMCON1 = 0x420
                    0x0420                  _PWMCON1 = 0x420
                    0x0420                  _PWMCON1bits = 0x420
                    0x0422                  IOCON1 = 0x422
                    0x0422                  _IOCON1 = 0x422
                    0x0422                  _IOCON1bits = 0x422
                    0x0424                  FCLCON1 = 0x424
                    0x0424                  _FCLCON1 = 0x424
                    0x0424                  _FCLCON1bits = 0x424
                    0x0426                  PDC1 = 0x426
                    0x0426                  _PDC1 = 0x426
                    0x0428                  PHASE1 = 0x428
                    0x0428                  _PHASE1 = 0x428
                    0x042a                  DTR1 = 0x42a
                    0x042a                  _DTR1 = 0x42a
                    0x042c                  ALTDTR1 = 0x42c
                    0x042c                  _ALTDTR1 = 0x42c
                    0x042e                  SDC1 = 0x42e
                    0x042e                  _SDC1 = 0x42e
                    0x0430                  SPHASE1 = 0x430
                    0x0430                  _SPHASE1 = 0x430
                    0x0432                  TRIG1 = 0x432
                    0x0432                  _TRIG1 = 0x432
                    0x0432                  _TRIG1bits = 0x432
                    0x0434                  TRGCON1 = 0x434
                    0x0434                  _TRGCON1 = 0x434
                    0x0434                  _TRGCON1bits = 0x434
                    0x0436                  STRIG1 = 0x436
                    0x0436                  _STRIG1 = 0x436
                    0x0436                  _STRIG1bits = 0x436
                    0x0438                  PWMCAP1 = 0x438
                    0x0438                  _PWMCAP1 = 0x438
                    0x0438                  _PWMCAP1bits = 0x438
                    0x043a                  LEBCON1 = 0x43a
                    0x043a                  _LEBCON1 = 0x43a
                    0x043a                  _LEBCON1bits = 0x43a
                    0x043e                  AUXCON1 = 0x43e
                    0x043e                  _AUXCON1 = 0x43e
                    0x043e                  _AUXCON1bits = 0x43e
                    0x0480                  PWMCON4 = 0x480
                    0x0480                  _PWMCON4 = 0x480
                    0x0480                  _PWMCON4bits = 0x480
                    0x0482                  IOCON4 = 0x482
                    0x0482                  _IOCON4 = 0x482
                    0x0482                  _IOCON4bits = 0x482
                    0x0484                  FCLCON4 = 0x484
                    0x0484                  _FCLCON4 = 0x484
                    0x0484                  _FCLCON4bits = 0x484
                    0x0486                  PDC4 = 0x486
                    0x0486                  _PDC4 = 0x486
                    0x0488                  PHASE4 = 0x488
                    0x0488                  _PHASE4 = 0x488
                    0x048a                  DTR4 = 0x48a
                    0x048a                  _DTR4 = 0x48a
                    0x048c                  ALTDTR4 = 0x48c
                    0x048c                  _ALTDTR4 = 0x48c
                    0x048e                  SDC4 = 0x48e
                    0x048e                  _SDC4 = 0x48e
                    0x0490                  SPHASE4 = 0x490
                    0x0490                  _SPHASE4 = 0x490
                    0x0492                  TRIG4 = 0x492
                    0x0492                  _TRIG4 = 0x492
                    0x0492                  _TRIG4bits = 0x492
                    0x0494                  TRGCON4 = 0x494
                    0x0494                  _TRGCON4 = 0x494
                    0x0494                  _TRGCON4bits = 0x494
                    0x0496                  STRIG4 = 0x496
                    0x0496                  _STRIG4 = 0x496
                    0x0496                  _STRIG4bits = 0x496
                    0x0498                  PWMCAP4 = 0x498
                    0x0498                  _PWMCAP4 = 0x498
                    0x049a                  LEBCON4 = 0x49a
                    0x049a                  _LEBCON4 = 0x49a
                    0x049a                  _LEBCON4bits = 0x49a
                    0x049e                  AUXCON4 = 0x49e
                    0x049e                  _AUXCON4 = 0x49e
                    0x049e                  _AUXCON4bits = 0x49e
                    0x0680                  RPINR0 = 0x680
                    0x0680                  _RPINR0 = 0x680
                    0x0680                  _RPINR0bits = 0x680
                    0x0682                  RPINR1 = 0x682
                    0x0682                  _RPINR1 = 0x682
                    0x0682                  _RPINR1bits = 0x682
                    0x0684                  RPINR2 = 0x684
                    0x0684                  _RPINR2 = 0x684
                    0x0684                  _RPINR2bits = 0x684
                    0x0686                  RPINR3 = 0x686
                    0x0686                  _RPINR3 = 0x686
                    0x0686                  _RPINR3bits = 0x686
                    0x0696                  RPINR11 = 0x696
                    0x0696                  _RPINR11 = 0x696
                    0x0696                  _RPINR11bits = 0x696
                    0x06a4                  RPINR18 = 0x6a4
                    0x06a4                  _RPINR18 = 0x6a4
                    0x06a4                  _RPINR18bits = 0x6a4
                    0x06a8                  RPINR20 = 0x6a8
                    0x06a8                  _RPINR20 = 0x6a8
                    0x06a8                  _RPINR20bits = 0x6a8
                    0x06aa                  RPINR21 = 0x6aa
                    0x06aa                  _RPINR21 = 0x6aa
                    0x06aa                  _RPINR21bits = 0x6aa
                    0x06ba                  RPINR29 = 0x6ba
                    0x06ba                  _RPINR29 = 0x6ba
                    0x06ba                  _RPINR29bits = 0x6ba
                    0x06bc                  RPINR30 = 0x6bc
                    0x06bc                  _RPINR30 = 0x6bc
                    0x06bc                  _RPINR30bits = 0x6bc
                    0x06be                  RPINR31 = 0x6be
                    0x06be                  _RPINR31 = 0x6be
                    0x06be                  _RPINR31bits = 0x6be
                    0x06c0                  RPINR32 = 0x6c0
                    0x06c0                  _RPINR32 = 0x6c0
                    0x06c0                  _RPINR32bits = 0x6c0
                    0x06c2                  RPINR33 = 0x6c2
                    0x06c2                  _RPINR33 = 0x6c2
                    0x06c2                  _RPINR33bits = 0x6c2
                    0x06c4                  RPINR34 = 0x6c4
                    0x06c4                  _RPINR34 = 0x6c4
                    0x06c4                  _RPINR34bits = 0x6c4
                    0x06d0                  RPOR0 = 0x6d0
                    0x06d0                  _RPOR0 = 0x6d0
                    0x06d0                  _RPOR0bits = 0x6d0
                    0x06d2                  RPOR1 = 0x6d2
                    0x06d2                  _RPOR1 = 0x6d2
                    0x06d2                  _RPOR1bits = 0x6d2
                    0x06d4                  RPOR2 = 0x6d4
                    0x06d4                  _RPOR2 = 0x6d4
                    0x06d4                  _RPOR2bits = 0x6d4
                    0x06d6                  RPOR3 = 0x6d6
                    0x06d6                  _RPOR3 = 0x6d6
                    0x06d6                  _RPOR3bits = 0x6d6
                    0x06f0                  RPOR16 = 0x6f0
                    0x06f0                  _RPOR16 = 0x6f0
                    0x06f0                  _RPOR16bits = 0x6f0
                    0x06f2                  RPOR17 = 0x6f2
                    0x06f2                  _RPOR17 = 0x6f2
                    0x06f2                  _RPOR17bits = 0x6f2
                    0x0740                  RCON = 0x740
                    0x0740                  _RCON = 0x740
                    0x0740                  _RCONbits = 0x740
                    0x0742                  OSCCON = 0x742
                    0x0742                  _OSCCON = 0x742
                    0x0742                  _OSCCONbits = 0x742
                    0x0742                  OSCCONL = 0x742
                    0x0742                  _OSCCONL = 0x742
                    0x0743                  OSCCONH = 0x743
                    0x0743                  _OSCCONH = 0x743
                    0x0744                  CLKDIV = 0x744
                    0x0744                  _CLKDIV = 0x744
                    0x0744                  _CLKDIVbits = 0x744
                    0x0746                  PLLFBD = 0x746
                    0x0746                  _PLLFBD = 0x746
                    0x0746                  _PLLFBDbits = 0x746
                    0x0748                  OSCTUN = 0x748
                    0x0748                  _OSCTUN = 0x748
                    0x0748                  _OSCTUNbits = 0x748
                    0x074c                  LFSR = 0x74c
                    0x074c                  _LFSR = 0x74c
                    0x074c                  _LFSRbits = 0x74c
                    0x074e                  REFOCON = 0x74e
                    0x074e                  _REFOCON = 0x74e
                    0x074e                  _REFOCONbits = 0x74e
                    0x0750                  ACLKCON = 0x750
                    0x0750                  _ACLKCON = 0x750
                    0x0750                  _ACLKCONbits = 0x750
                    0x0760                  NVMCON = 0x760
                    0x0760                  _NVMCON = 0x760
                    0x0760                  _NVMCONbits = 0x760
                    0x0766                  NVMKEY = 0x766
                    0x0766                  _NVMKEY = 0x766
                    0x0770                  PMD1 = 0x770
                    0x0770                  _PMD1 = 0x770
                    0x0770                  _PMD1bits = 0x770
                    0x0772                  PMD2 = 0x772
                    0x0772                  _PMD2 = 0x772
                    0x0772                  _PMD2bits = 0x772
                    0x0776                  PMD4 = 0x776
                    0x0776                  _PMD4 = 0x776
                    0x0776                  _PMD4bits = 0x776
                    0x077a                  PMD6 = 0x77a
                    0x077a                  _PMD6 = 0x77a
                    0x077a                  _PMD6bits = 0x77a
                    0x0022                  ACCA = 0x22
                    0x0022                  _ACCA = 0x22
                    0x0028                  ACCB = 0x28
                    0x0028                  _ACCB = 0x28
                    0x0180                  OC1 = 0x180
                    0x0180                  _OC1 = 0x180
                    0x0240                  SPI1 = 0x240
                    0x0240                  _SPI1 = 0x240
                    0x0220                  UART1 = 0x220
                    0x0220                  _UART1 = 0x220
START GROUP
LOAD c:/program files (x86)/microchip/xc16/v1.35/bin/bin/../../lib\liblega-pic30-elf.a
LOAD c:/program files (x86)/microchip/xc16/v1.35/bin/bin/../../lib\libm-elf.a
LOAD c:/program files (x86)/microchip/xc16/v1.35/bin/bin/../../lib\liblega-c-elf.a
END GROUP
OUTPUT(dist/default/production/PIC33F.production.elf elf32-pic30)
LOAD /CW/_FGSp"Þ
LOAD default_isr

.debug_pubtypes
                  0x000018         0x1f
 .debug_pubtypes
                  0x000018         0x1f build/default/production/main.o

__c30_signature
                  0x000037         0x12
 __c30_signature
                  0x000037          0x6 build/default/production/main.o
 __c30_signature
                  0x00003d          0x6 c:/program files (x86)/microchip/xc16/v1.35/bin/bin/../../lib\liblega-pic30-elf.a(crt0_standard.o)
 __c30_signature
                  0x000043          0x6 c:/program files (x86)/microchip/xc16/v1.35/bin/bin/../../lib\liblega-pic30-elf.a(data_init_standard.o)

.config_IESO      0x000ff8          0x2
 .config_IESO     0x000ff8          0x2 build/default/production/main.o

.config_FCKSM     0x000ff6          0x2
 .config_FCKSM    0x000ff6          0x2 build/default/production/main.o

.config_FWDTEN    0x000ff4          0x2
 .config_FWDTEN
                  0x000ff4          0x2 build/default/production/main.o

.config_JTAGEN    0x000ff0          0x2
 .config_JTAGEN
                  0x000ff0          0x2 build/default/production/main.o

.text             0x0002ce          0xa
 .text            0x0002ce          0xa build/default/production/main.o
                  0x0002ce                  _main
