MPLINK 5.08, LINKER
Linker Map File - Created Mon Aug 13 13:36:14 2018

                                 Section Info
                  Section       Type    Address   Location Size(Bytes)
                ---------  ---------  ---------  ---------  ---------
                 RES_VECT       code   0x000000    program   0x000004
                   .cinit    romdata   0x000002    program   0x000004
                MAIN_PROG       code   0x000004    program   0x000d9a
                UTIL_PRGM       code   0x0006d1    program   0x000040
.config_8007_BUILD/DEFAULT/PRODUCTION/_EXT/73       code   0x008007    program   0x000002
.config_8008_BUILD/DEFAULT/PRODUCTION/_EXT/73       code   0x008008    program   0x000002
.config_8009_BUILD/DEFAULT/PRODUCTION/_EXT/73       code   0x008009    program   0x000002
                     VARS      udata   0x000120       data   0x00000e
                UTIL_VARS      udata   0x0005a0       data   0x000002



                              Program Memory Usage 
                               Start         End      
                           ---------   ---------      
                            0x000000    0x0006f0      
                            0x008007    0x008009      
            1780 out of 8200 program addresses used, program memory utilization is 21%



                              Symbols - Sorted by Name
                     Name    Address   Location    Storage File                     
                ---------  ---------  ---------  --------- ---------                
                    DELAY   0x0004bf    program     static ..\ws2813-firmware\WS2813.asm
                     DONE   0x0004ca    program     static ..\ws2813-firmware\WS2813.asm
                       IL   0x0004c7    program     static ..\ws2813-firmware\WS2813.asm
                  INITIAL   0x000004    program     static ..\ws2813-firmware\WS2813.asm
                 LSHIFT16   0x0006e1    program     extern C:\Users\Paul Wood\Documents\Git\space-fuzz-pedal\UtilRoutines.asm
                   LSLOOP   0x0006e6    program     static C:\Users\Paul Wood\Documents\Git\space-fuzz-pedal\UtilRoutines.asm
                       OL   0x0004c2    program     static ..\ws2813-firmware\WS2813.asm
              RENDER_LOOP   0x000039    program     static ..\ws2813-firmware\WS2813.asm
                 RSHIFT16   0x0006d1    program     extern C:\Users\Paul Wood\Documents\Git\space-fuzz-pedal\UtilRoutines.asm
                 RSHIFT16   0x0006c1    program     static ..\ws2813-firmware\WS2813.asm
                    START   0x000038    program     static ..\ws2813-firmware\WS2813.asm
             WS2813_WRITE   0x0004cb    program     static ..\ws2813-firmware\WS2813.asm
                 _0RSLOOP   0x0006d6    program     static C:\Users\Paul Wood\Documents\Git\space-fuzz-pedal\UtilRoutines.asm
                 _0RSLOOP   0x0006c6    program     static ..\ws2813-firmware\WS2813.asm
          _MAIN_PROG_0044   0x000048    program     static ..\ws2813-firmware\WS2813.asm
          _MAIN_PROG_0054   0x000058    program     static ..\ws2813-firmware\WS2813.asm
          _MAIN_PROG_0064   0x000068    program     static ..\ws2813-firmware\WS2813.asm
          _MAIN_PROG_0074   0x000078    program     static ..\ws2813-firmware\WS2813.asm
          _MAIN_PROG_0084   0x000088    program     static ..\ws2813-firmware\WS2813.asm
          _MAIN_PROG_0094   0x000098    program     static ..\ws2813-firmware\WS2813.asm
          _MAIN_PROG_00A4   0x0000a8    program     static ..\ws2813-firmware\WS2813.asm
          _MAIN_PROG_00B4   0x0000b8    program     static ..\ws2813-firmware\WS2813.asm
          _MAIN_PROG_00C4   0x0000c8    program     static ..\ws2813-firmware\WS2813.asm
          _MAIN_PROG_00D4   0x0000d8    program     static ..\ws2813-firmware\WS2813.asm
          _MAIN_PROG_00E4   0x0000e8    program     static ..\ws2813-firmware\WS2813.asm
          _MAIN_PROG_00F4   0x0000f8    program     static ..\ws2813-firmware\WS2813.asm
          _MAIN_PROG_0104   0x000108    program     static ..\ws2813-firmware\WS2813.asm
          _MAIN_PROG_0114   0x000118    program     static ..\ws2813-firmware\WS2813.asm
          _MAIN_PROG_0124   0x000128    program     static ..\ws2813-firmware\WS2813.asm
          _MAIN_PROG_0134   0x000138    program     static ..\ws2813-firmware\WS2813.asm
          _MAIN_PROG_0144   0x000148    program     static ..\ws2813-firmware\WS2813.asm
          _MAIN_PROG_0154   0x000158    program     static ..\ws2813-firmware\WS2813.asm
          _MAIN_PROG_0164   0x000168    program     static ..\ws2813-firmware\WS2813.asm
          _MAIN_PROG_0174   0x000178    program     static ..\ws2813-firmware\WS2813.asm
          _MAIN_PROG_0184   0x000188    program     static ..\ws2813-firmware\WS2813.asm
          _MAIN_PROG_0194   0x000198    program     static ..\ws2813-firmware\WS2813.asm
          _MAIN_PROG_01A4   0x0001a8    program     static ..\ws2813-firmware\WS2813.asm
          _MAIN_PROG_01B4   0x0001b8    program     static ..\ws2813-firmware\WS2813.asm
          _MAIN_PROG_01C4   0x0001c8    program     static ..\ws2813-firmware\WS2813.asm
          _MAIN_PROG_01D4   0x0001d8    program     static ..\ws2813-firmware\WS2813.asm
          _MAIN_PROG_01E4   0x0001e8    program     static ..\ws2813-firmware\WS2813.asm
          _MAIN_PROG_01F4   0x0001f8    program     static ..\ws2813-firmware\WS2813.asm
          _MAIN_PROG_0204   0x000208    program     static ..\ws2813-firmware\WS2813.asm
          _MAIN_PROG_0214   0x000218    program     static ..\ws2813-firmware\WS2813.asm
          _MAIN_PROG_0224   0x000228    program     static ..\ws2813-firmware\WS2813.asm
          _MAIN_PROG_0234   0x000238    program     static ..\ws2813-firmware\WS2813.asm
          _MAIN_PROG_0244   0x000248    program     static ..\ws2813-firmware\WS2813.asm
          _MAIN_PROG_0254   0x000258    program     static ..\ws2813-firmware\WS2813.asm
          _MAIN_PROG_0264   0x000268    program     static ..\ws2813-firmware\WS2813.asm
          _MAIN_PROG_0275   0x000279    program     static ..\ws2813-firmware\WS2813.asm
          _MAIN_PROG_0285   0x000289    program     static ..\ws2813-firmware\WS2813.asm
          _MAIN_PROG_0295   0x000299    program     static ..\ws2813-firmware\WS2813.asm
          _MAIN_PROG_02A5   0x0002a9    program     static ..\ws2813-firmware\WS2813.asm
          _MAIN_PROG_02B5   0x0002b9    program     static ..\ws2813-firmware\WS2813.asm
          _MAIN_PROG_02C5   0x0002c9    program     static ..\ws2813-firmware\WS2813.asm
          _MAIN_PROG_02D5   0x0002d9    program     static ..\ws2813-firmware\WS2813.asm
          _MAIN_PROG_02E5   0x0002e9    program     static ..\ws2813-firmware\WS2813.asm
          _MAIN_PROG_02F5   0x0002f9    program     static ..\ws2813-firmware\WS2813.asm
          _MAIN_PROG_0305   0x000309    program     static ..\ws2813-firmware\WS2813.asm
          _MAIN_PROG_0315   0x000319    program     static ..\ws2813-firmware\WS2813.asm
          _MAIN_PROG_0325   0x000329    program     static ..\ws2813-firmware\WS2813.asm
          _MAIN_PROG_0335   0x000339    program     static ..\ws2813-firmware\WS2813.asm
          _MAIN_PROG_0345   0x000349    program     static ..\ws2813-firmware\WS2813.asm
          _MAIN_PROG_0355   0x000359    program     static ..\ws2813-firmware\WS2813.asm
          _MAIN_PROG_0365   0x000369    program     static ..\ws2813-firmware\WS2813.asm
          _MAIN_PROG_0375   0x000379    program     static ..\ws2813-firmware\WS2813.asm
          _MAIN_PROG_0385   0x000389    program     static ..\ws2813-firmware\WS2813.asm
          _MAIN_PROG_0395   0x000399    program     static ..\ws2813-firmware\WS2813.asm
          _MAIN_PROG_03A5   0x0003a9    program     static ..\ws2813-firmware\WS2813.asm
          _MAIN_PROG_03B5   0x0003b9    program     static ..\ws2813-firmware\WS2813.asm
          _MAIN_PROG_03C5   0x0003c9    program     static ..\ws2813-firmware\WS2813.asm
          _MAIN_PROG_03D5   0x0003d9    program     static ..\ws2813-firmware\WS2813.asm
          _MAIN_PROG_03E5   0x0003e9    program     static ..\ws2813-firmware\WS2813.asm
          _MAIN_PROG_03F5   0x0003f9    program     static ..\ws2813-firmware\WS2813.asm
          _MAIN_PROG_0405   0x000409    program     static ..\ws2813-firmware\WS2813.asm
          _MAIN_PROG_0415   0x000419    program     static ..\ws2813-firmware\WS2813.asm
          _MAIN_PROG_0425   0x000429    program     static ..\ws2813-firmware\WS2813.asm
          _MAIN_PROG_0435   0x000439    program     static ..\ws2813-firmware\WS2813.asm
          _MAIN_PROG_0445   0x000449    program     static ..\ws2813-firmware\WS2813.asm
          _MAIN_PROG_0455   0x000459    program     static ..\ws2813-firmware\WS2813.asm
          _MAIN_PROG_0465   0x000469    program     static ..\ws2813-firmware\WS2813.asm
          _MAIN_PROG_0475   0x000479    program     static ..\ws2813-firmware\WS2813.asm
          _MAIN_PROG_0485   0x000489    program     static ..\ws2813-firmware\WS2813.asm
          _MAIN_PROG_0495   0x000499    program     static ..\ws2813-firmware\WS2813.asm
          _MAIN_PROG_04A5   0x0004a9    program     static ..\ws2813-firmware\WS2813.asm
          _MAIN_PROG_04B5   0x0004b9    program     static ..\ws2813-firmware\WS2813.asm
          _MAIN_PROG_04C4   0x0004c8    program     static ..\ws2813-firmware\WS2813.asm
          _MAIN_PROG_04C8   0x0004cc    program     static ..\ws2813-firmware\WS2813.asm
          _MAIN_PROG_04D2   0x0004d6    program     static ..\ws2813-firmware\WS2813.asm
          _MAIN_PROG_04DD   0x0004e1    program     static ..\ws2813-firmware\WS2813.asm
          _MAIN_PROG_04E7   0x0004eb    program     static ..\ws2813-firmware\WS2813.asm
          _MAIN_PROG_04F2   0x0004f6    program     static ..\ws2813-firmware\WS2813.asm
          _MAIN_PROG_04FC   0x000500    program     static ..\ws2813-firmware\WS2813.asm
          _MAIN_PROG_0507   0x00050b    program     static ..\ws2813-firmware\WS2813.asm
          _MAIN_PROG_0511   0x000515    program     static ..\ws2813-firmware\WS2813.asm
          _MAIN_PROG_051C   0x000520    program     static ..\ws2813-firmware\WS2813.asm
          _MAIN_PROG_0526   0x00052a    program     static ..\ws2813-firmware\WS2813.asm
          _MAIN_PROG_0531   0x000535    program     static ..\ws2813-firmware\WS2813.asm
          _MAIN_PROG_053B   0x00053f    program     static ..\ws2813-firmware\WS2813.asm
          _MAIN_PROG_0546   0x00054a    program     static ..\ws2813-firmware\WS2813.asm
          _MAIN_PROG_0550   0x000554    program     static ..\ws2813-firmware\WS2813.asm
          _MAIN_PROG_055B   0x00055f    program     static ..\ws2813-firmware\WS2813.asm
          _MAIN_PROG_0565   0x000569    program     static ..\ws2813-firmware\WS2813.asm
          _MAIN_PROG_0570   0x000574    program     static ..\ws2813-firmware\WS2813.asm
          _MAIN_PROG_057A   0x00057e    program     static ..\ws2813-firmware\WS2813.asm
          _MAIN_PROG_0585   0x000589    program     static ..\ws2813-firmware\WS2813.asm
          _MAIN_PROG_058F   0x000593    program     static ..\ws2813-firmware\WS2813.asm
          _MAIN_PROG_059A   0x00059e    program     static ..\ws2813-firmware\WS2813.asm
          _MAIN_PROG_05A4   0x0005a8    program     static ..\ws2813-firmware\WS2813.asm
          _MAIN_PROG_05AF   0x0005b3    program     static ..\ws2813-firmware\WS2813.asm
          _MAIN_PROG_05B9   0x0005bd    program     static ..\ws2813-firmware\WS2813.asm
          _MAIN_PROG_05C4   0x0005c8    program     static ..\ws2813-firmware\WS2813.asm
          _MAIN_PROG_05CE   0x0005d2    program     static ..\ws2813-firmware\WS2813.asm
          _MAIN_PROG_05D9   0x0005dd    program     static ..\ws2813-firmware\WS2813.asm
          _MAIN_PROG_05E3   0x0005e7    program     static ..\ws2813-firmware\WS2813.asm
          _MAIN_PROG_05EE   0x0005f2    program     static ..\ws2813-firmware\WS2813.asm
          _MAIN_PROG_05F8   0x0005fc    program     static ..\ws2813-firmware\WS2813.asm
          _MAIN_PROG_0603   0x000607    program     static ..\ws2813-firmware\WS2813.asm
          _MAIN_PROG_060D   0x000611    program     static ..\ws2813-firmware\WS2813.asm
          _MAIN_PROG_0618   0x00061c    program     static ..\ws2813-firmware\WS2813.asm
          _MAIN_PROG_0622   0x000626    program     static ..\ws2813-firmware\WS2813.asm
          _MAIN_PROG_062D   0x000631    program     static ..\ws2813-firmware\WS2813.asm
          _MAIN_PROG_0637   0x00063b    program     static ..\ws2813-firmware\WS2813.asm
          _MAIN_PROG_0642   0x000646    program     static ..\ws2813-firmware\WS2813.asm
          _MAIN_PROG_064C   0x000650    program     static ..\ws2813-firmware\WS2813.asm
          _MAIN_PROG_0657   0x00065b    program     static ..\ws2813-firmware\WS2813.asm
          _MAIN_PROG_0661   0x000665    program     static ..\ws2813-firmware\WS2813.asm
          _MAIN_PROG_066C   0x000670    program     static ..\ws2813-firmware\WS2813.asm
          _MAIN_PROG_0676   0x00067a    program     static ..\ws2813-firmware\WS2813.asm
          _MAIN_PROG_0681   0x000685    program     static ..\ws2813-firmware\WS2813.asm
          _MAIN_PROG_068B   0x00068f    program     static ..\ws2813-firmware\WS2813.asm
          _MAIN_PROG_0696   0x00069a    program     static ..\ws2813-firmware\WS2813.asm
          _MAIN_PROG_06A0   0x0006a4    program     static ..\ws2813-firmware\WS2813.asm
          _MAIN_PROG_06AB   0x0006af    program     static ..\ws2813-firmware\WS2813.asm
          _MAIN_PROG_06B5   0x0006b9    program     static ..\ws2813-firmware\WS2813.asm
                   BCOUNT   0x000120       data     static ..\ws2813-firmware\WS2813.asm
               FRAMECOUNT   0x000123       data     static ..\ws2813-firmware\WS2813.asm
                 SHIFTNUM   0x000121       data     static ..\ws2813-firmware\WS2813.asm
                 SHIFTNUM   0x0005a0       data     extern C:\Users\Paul Wood\Documents\Git\space-fuzz-pedal\UtilRoutines.asm
                   WCOLOR   0x000129       data     static ..\ws2813-firmware\WS2813.asm
                    WDATA   0x00012c       data     static ..\ws2813-firmware\WS2813.asm
              WRITE_COUNT   0x000124       data     static ..\ws2813-firmware\WS2813.asm
             WS2813_RESET   0x000125       data     static ..\ws2813-firmware\WS2813.asm
        WS2813_RESET_COPY   0x000127       data     static ..\ws2813-firmware\WS2813.asm



                              Symbols - Sorted by Address
                     Name    Address   Location    Storage File                     
                ---------  ---------  ---------  --------- ---------                
                  INITIAL   0x000004    program     static ..\ws2813-firmware\WS2813.asm
                    START   0x000038    program     static ..\ws2813-firmware\WS2813.asm
              RENDER_LOOP   0x000039    program     static ..\ws2813-firmware\WS2813.asm
          _MAIN_PROG_0044   0x000048    program     static ..\ws2813-firmware\WS2813.asm
          _MAIN_PROG_0054   0x000058    program     static ..\ws2813-firmware\WS2813.asm
          _MAIN_PROG_0064   0x000068    program     static ..\ws2813-firmware\WS2813.asm
          _MAIN_PROG_0074   0x000078    program     static ..\ws2813-firmware\WS2813.asm
          _MAIN_PROG_0084   0x000088    program     static ..\ws2813-firmware\WS2813.asm
          _MAIN_PROG_0094   0x000098    program     static ..\ws2813-firmware\WS2813.asm
          _MAIN_PROG_00A4   0x0000a8    program     static ..\ws2813-firmware\WS2813.asm
          _MAIN_PROG_00B4   0x0000b8    program     static ..\ws2813-firmware\WS2813.asm
          _MAIN_PROG_00C4   0x0000c8    program     static ..\ws2813-firmware\WS2813.asm
          _MAIN_PROG_00D4   0x0000d8    program     static ..\ws2813-firmware\WS2813.asm
          _MAIN_PROG_00E4   0x0000e8    program     static ..\ws2813-firmware\WS2813.asm
          _MAIN_PROG_00F4   0x0000f8    program     static ..\ws2813-firmware\WS2813.asm
          _MAIN_PROG_0104   0x000108    program     static ..\ws2813-firmware\WS2813.asm
          _MAIN_PROG_0114   0x000118    program     static ..\ws2813-firmware\WS2813.asm
          _MAIN_PROG_0124   0x000128    program     static ..\ws2813-firmware\WS2813.asm
          _MAIN_PROG_0134   0x000138    program     static ..\ws2813-firmware\WS2813.asm
          _MAIN_PROG_0144   0x000148    program     static ..\ws2813-firmware\WS2813.asm
          _MAIN_PROG_0154   0x000158    program     static ..\ws2813-firmware\WS2813.asm
          _MAIN_PROG_0164   0x000168    program     static ..\ws2813-firmware\WS2813.asm
          _MAIN_PROG_0174   0x000178    program     static ..\ws2813-firmware\WS2813.asm
          _MAIN_PROG_0184   0x000188    program     static ..\ws2813-firmware\WS2813.asm
          _MAIN_PROG_0194   0x000198    program     static ..\ws2813-firmware\WS2813.asm
          _MAIN_PROG_01A4   0x0001a8    program     static ..\ws2813-firmware\WS2813.asm
          _MAIN_PROG_01B4   0x0001b8    program     static ..\ws2813-firmware\WS2813.asm
          _MAIN_PROG_01C4   0x0001c8    program     static ..\ws2813-firmware\WS2813.asm
          _MAIN_PROG_01D4   0x0001d8    program     static ..\ws2813-firmware\WS2813.asm
          _MAIN_PROG_01E4   0x0001e8    program     static ..\ws2813-firmware\WS2813.asm
          _MAIN_PROG_01F4   0x0001f8    program     static ..\ws2813-firmware\WS2813.asm
          _MAIN_PROG_0204   0x000208    program     static ..\ws2813-firmware\WS2813.asm
          _MAIN_PROG_0214   0x000218    program     static ..\ws2813-firmware\WS2813.asm
          _MAIN_PROG_0224   0x000228    program     static ..\ws2813-firmware\WS2813.asm
          _MAIN_PROG_0234   0x000238    program     static ..\ws2813-firmware\WS2813.asm
          _MAIN_PROG_0244   0x000248    program     static ..\ws2813-firmware\WS2813.asm
          _MAIN_PROG_0254   0x000258    program     static ..\ws2813-firmware\WS2813.asm
          _MAIN_PROG_0264   0x000268    program     static ..\ws2813-firmware\WS2813.asm
          _MAIN_PROG_0275   0x000279    program     static ..\ws2813-firmware\WS2813.asm
          _MAIN_PROG_0285   0x000289    program     static ..\ws2813-firmware\WS2813.asm
          _MAIN_PROG_0295   0x000299    program     static ..\ws2813-firmware\WS2813.asm
          _MAIN_PROG_02A5   0x0002a9    program     static ..\ws2813-firmware\WS2813.asm
          _MAIN_PROG_02B5   0x0002b9    program     static ..\ws2813-firmware\WS2813.asm
          _MAIN_PROG_02C5   0x0002c9    program     static ..\ws2813-firmware\WS2813.asm
          _MAIN_PROG_02D5   0x0002d9    program     static ..\ws2813-firmware\WS2813.asm
          _MAIN_PROG_02E5   0x0002e9    program     static ..\ws2813-firmware\WS2813.asm
          _MAIN_PROG_02F5   0x0002f9    program     static ..\ws2813-firmware\WS2813.asm
          _MAIN_PROG_0305   0x000309    program     static ..\ws2813-firmware\WS2813.asm
          _MAIN_PROG_0315   0x000319    program     static ..\ws2813-firmware\WS2813.asm
          _MAIN_PROG_0325   0x000329    program     static ..\ws2813-firmware\WS2813.asm
          _MAIN_PROG_0335   0x000339    program     static ..\ws2813-firmware\WS2813.asm
          _MAIN_PROG_0345   0x000349    program     static ..\ws2813-firmware\WS2813.asm
          _MAIN_PROG_0355   0x000359    program     static ..\ws2813-firmware\WS2813.asm
          _MAIN_PROG_0365   0x000369    program     static ..\ws2813-firmware\WS2813.asm
          _MAIN_PROG_0375   0x000379    program     static ..\ws2813-firmware\WS2813.asm
          _MAIN_PROG_0385   0x000389    program     static ..\ws2813-firmware\WS2813.asm
          _MAIN_PROG_0395   0x000399    program     static ..\ws2813-firmware\WS2813.asm
          _MAIN_PROG_03A5   0x0003a9    program     static ..\ws2813-firmware\WS2813.asm
          _MAIN_PROG_03B5   0x0003b9    program     static ..\ws2813-firmware\WS2813.asm
          _MAIN_PROG_03C5   0x0003c9    program     static ..\ws2813-firmware\WS2813.asm
          _MAIN_PROG_03D5   0x0003d9    program     static ..\ws2813-firmware\WS2813.asm
          _MAIN_PROG_03E5   0x0003e9    program     static ..\ws2813-firmware\WS2813.asm
          _MAIN_PROG_03F5   0x0003f9    program     static ..\ws2813-firmware\WS2813.asm
          _MAIN_PROG_0405   0x000409    program     static ..\ws2813-firmware\WS2813.asm
          _MAIN_PROG_0415   0x000419    program     static ..\ws2813-firmware\WS2813.asm
          _MAIN_PROG_0425   0x000429    program     static ..\ws2813-firmware\WS2813.asm
          _MAIN_PROG_0435   0x000439    program     static ..\ws2813-firmware\WS2813.asm
          _MAIN_PROG_0445   0x000449    program     static ..\ws2813-firmware\WS2813.asm
          _MAIN_PROG_0455   0x000459    program     static ..\ws2813-firmware\WS2813.asm
          _MAIN_PROG_0465   0x000469    program     static ..\ws2813-firmware\WS2813.asm
          _MAIN_PROG_0475   0x000479    program     static ..\ws2813-firmware\WS2813.asm
          _MAIN_PROG_0485   0x000489    program     static ..\ws2813-firmware\WS2813.asm
          _MAIN_PROG_0495   0x000499    program     static ..\ws2813-firmware\WS2813.asm
          _MAIN_PROG_04A5   0x0004a9    program     static ..\ws2813-firmware\WS2813.asm
          _MAIN_PROG_04B5   0x0004b9    program     static ..\ws2813-firmware\WS2813.asm
                    DELAY   0x0004bf    program     static ..\ws2813-firmware\WS2813.asm
                       OL   0x0004c2    program     static ..\ws2813-firmware\WS2813.asm
                       IL   0x0004c7    program     static ..\ws2813-firmware\WS2813.asm
          _MAIN_PROG_04C4   0x0004c8    program     static ..\ws2813-firmware\WS2813.asm
                     DONE   0x0004ca    program     static ..\ws2813-firmware\WS2813.asm
             WS2813_WRITE   0x0004cb    program     static ..\ws2813-firmware\WS2813.asm
          _MAIN_PROG_04C8   0x0004cc    program     static ..\ws2813-firmware\WS2813.asm
          _MAIN_PROG_04D2   0x0004d6    program     static ..\ws2813-firmware\WS2813.asm
          _MAIN_PROG_04DD   0x0004e1    program     static ..\ws2813-firmware\WS2813.asm
          _MAIN_PROG_04E7   0x0004eb    program     static ..\ws2813-firmware\WS2813.asm
          _MAIN_PROG_04F2   0x0004f6    program     static ..\ws2813-firmware\WS2813.asm
          _MAIN_PROG_04FC   0x000500    program     static ..\ws2813-firmware\WS2813.asm
          _MAIN_PROG_0507   0x00050b    program     static ..\ws2813-firmware\WS2813.asm
          _MAIN_PROG_0511   0x000515    program     static ..\ws2813-firmware\WS2813.asm
          _MAIN_PROG_051C   0x000520    program     static ..\ws2813-firmware\WS2813.asm
          _MAIN_PROG_0526   0x00052a    program     static ..\ws2813-firmware\WS2813.asm
          _MAIN_PROG_0531   0x000535    program     static ..\ws2813-firmware\WS2813.asm
          _MAIN_PROG_053B   0x00053f    program     static ..\ws2813-firmware\WS2813.asm
          _MAIN_PROG_0546   0x00054a    program     static ..\ws2813-firmware\WS2813.asm
          _MAIN_PROG_0550   0x000554    program     static ..\ws2813-firmware\WS2813.asm
          _MAIN_PROG_055B   0x00055f    program     static ..\ws2813-firmware\WS2813.asm
          _MAIN_PROG_0565   0x000569    program     static ..\ws2813-firmware\WS2813.asm
          _MAIN_PROG_0570   0x000574    program     static ..\ws2813-firmware\WS2813.asm
          _MAIN_PROG_057A   0x00057e    program     static ..\ws2813-firmware\WS2813.asm
          _MAIN_PROG_0585   0x000589    program     static ..\ws2813-firmware\WS2813.asm
          _MAIN_PROG_058F   0x000593    program     static ..\ws2813-firmware\WS2813.asm
          _MAIN_PROG_059A   0x00059e    program     static ..\ws2813-firmware\WS2813.asm
          _MAIN_PROG_05A4   0x0005a8    program     static ..\ws2813-firmware\WS2813.asm
          _MAIN_PROG_05AF   0x0005b3    program     static ..\ws2813-firmware\WS2813.asm
          _MAIN_PROG_05B9   0x0005bd    program     static ..\ws2813-firmware\WS2813.asm
          _MAIN_PROG_05C4   0x0005c8    program     static ..\ws2813-firmware\WS2813.asm
          _MAIN_PROG_05CE   0x0005d2    program     static ..\ws2813-firmware\WS2813.asm
          _MAIN_PROG_05D9   0x0005dd    program     static ..\ws2813-firmware\WS2813.asm
          _MAIN_PROG_05E3   0x0005e7    program     static ..\ws2813-firmware\WS2813.asm
          _MAIN_PROG_05EE   0x0005f2    program     static ..\ws2813-firmware\WS2813.asm
          _MAIN_PROG_05F8   0x0005fc    program     static ..\ws2813-firmware\WS2813.asm
          _MAIN_PROG_0603   0x000607    program     static ..\ws2813-firmware\WS2813.asm
          _MAIN_PROG_060D   0x000611    program     static ..\ws2813-firmware\WS2813.asm
          _MAIN_PROG_0618   0x00061c    program     static ..\ws2813-firmware\WS2813.asm
          _MAIN_PROG_0622   0x000626    program     static ..\ws2813-firmware\WS2813.asm
          _MAIN_PROG_062D   0x000631    program     static ..\ws2813-firmware\WS2813.asm
          _MAIN_PROG_0637   0x00063b    program     static ..\ws2813-firmware\WS2813.asm
          _MAIN_PROG_0642   0x000646    program     static ..\ws2813-firmware\WS2813.asm
          _MAIN_PROG_064C   0x000650    program     static ..\ws2813-firmware\WS2813.asm
          _MAIN_PROG_0657   0x00065b    program     static ..\ws2813-firmware\WS2813.asm
          _MAIN_PROG_0661   0x000665    program     static ..\ws2813-firmware\WS2813.asm
          _MAIN_PROG_066C   0x000670    program     static ..\ws2813-firmware\WS2813.asm
          _MAIN_PROG_0676   0x00067a    program     static ..\ws2813-firmware\WS2813.asm
          _MAIN_PROG_0681   0x000685    program     static ..\ws2813-firmware\WS2813.asm
          _MAIN_PROG_068B   0x00068f    program     static ..\ws2813-firmware\WS2813.asm
          _MAIN_PROG_0696   0x00069a    program     static ..\ws2813-firmware\WS2813.asm
          _MAIN_PROG_06A0   0x0006a4    program     static ..\ws2813-firmware\WS2813.asm
          _MAIN_PROG_06AB   0x0006af    program     static ..\ws2813-firmware\WS2813.asm
          _MAIN_PROG_06B5   0x0006b9    program     static ..\ws2813-firmware\WS2813.asm
                 RSHIFT16   0x0006c1    program     static ..\ws2813-firmware\WS2813.asm
                 _0RSLOOP   0x0006c6    program     static ..\ws2813-firmware\WS2813.asm
                 RSHIFT16   0x0006d1    program     extern C:\Users\Paul Wood\Documents\Git\space-fuzz-pedal\UtilRoutines.asm
                 _0RSLOOP   0x0006d6    program     static C:\Users\Paul Wood\Documents\Git\space-fuzz-pedal\UtilRoutines.asm
                 LSHIFT16   0x0006e1    program     extern C:\Users\Paul Wood\Documents\Git\space-fuzz-pedal\UtilRoutines.asm
                   LSLOOP   0x0006e6    program     static C:\Users\Paul Wood\Documents\Git\space-fuzz-pedal\UtilRoutines.asm
                   BCOUNT   0x000120       data     static ..\ws2813-firmware\WS2813.asm
                 SHIFTNUM   0x000121       data     static ..\ws2813-firmware\WS2813.asm
               FRAMECOUNT   0x000123       data     static ..\ws2813-firmware\WS2813.asm
              WRITE_COUNT   0x000124       data     static ..\ws2813-firmware\WS2813.asm
             WS2813_RESET   0x000125       data     static ..\ws2813-firmware\WS2813.asm
        WS2813_RESET_COPY   0x000127       data     static ..\ws2813-firmware\WS2813.asm
                   WCOLOR   0x000129       data     static ..\ws2813-firmware\WS2813.asm
                    WDATA   0x00012c       data     static ..\ws2813-firmware\WS2813.asm
                 SHIFTNUM   0x0005a0       data     extern C:\Users\Paul Wood\Documents\Git\space-fuzz-pedal\UtilRoutines.asm


