MPLINK 5.08, LINKER
Linker Map File - Created Sun Jul 22 13:58:00 2018

                                 Section Info
                  Section       Type    Address   Location Size(Bytes)
                ---------  ---------  ---------  ---------  ---------
                 RES_VECT       code   0x000000    program   0x000004
                   .cinit    romdata   0x000002    program   0x000004
           INTERRUPT_VECT       code   0x000004    program   0x000004
                COLORIZOR       code   0x000006    program   0x000554
                    WRITE       code   0x0002b0    program   0x000444
                   RENDER       code   0x0004d2    program   0x0000d2
                UTIL_PRGM       code   0x00053b    program   0x000040
.config_8007_BUILD/DEFAULT/PRODUCTION/_EXT/73       code   0x008007    program   0x000002
.config_8008_BUILD/DEFAULT/PRODUCTION/_EXT/73       code   0x008008    program   0x000002
.config_8009_BUILD/DEFAULT/PRODUCTION/_EXT/73       code   0x008009    program   0x000002
                   .udata      udata   0x000020       data   0x000028
                REGISTERS      udata   0x000120       data   0x000010
                  BUFFERL      udata   0x0001a0       data   0x000050
                  BUFFERM      udata   0x000220       data   0x000050
                  BUFFERH      udata   0x0002a0       data   0x000014
                UTIL_VARS      udata   0x0005a0       data   0x000002



                              Program Memory Usage 
                               Start         End      
                           ---------   ---------      
                            0x000000    0x00055a      
                            0x008007    0x008009      
            1374 out of 8200 program addresses used, program memory utilization is 16%



                              Symbols - Sorted by Name
                     Name    Address   Location    Storage File                     
                ---------  ---------  ---------  --------- ---------                
                      ACQ   0x000038    program     static C:\Users\Paul Wood\Documents\Git\space-fuzz-pedal\colorize_analog.asm
                      B_1   0x000269    program     static C:\Users\Paul Wood\Documents\Git\space-fuzz-pedal\colorize_analog.asm
                     B_12   0x00026e    program     static C:\Users\Paul Wood\Documents\Git\space-fuzz-pedal\colorize_analog.asm
                     B_23   0x0002aa    program     static C:\Users\Paul Wood\Documents\Git\space-fuzz-pedal\colorize_analog.asm
          CONTINUE_RENDER   0x000518    program     static ..\ws2813-firmware\WS2813.asm
                DO_RENDER   0x000100    program     extern C:\Users\Paul Wood\Documents\Git\space-fuzz-pedal\colorize_analog.asm
                END_TEST1   0x000079    program     static C:\Users\Paul Wood\Documents\Git\space-fuzz-pedal\colorize_analog.asm
                END_TEST2   0x000098    program     static C:\Users\Paul Wood\Documents\Git\space-fuzz-pedal\colorize_analog.asm
            END_TRGR_TEST   0x0000fd    program     static C:\Users\Paul Wood\Documents\Git\space-fuzz-pedal\colorize_analog.asm
           EXTERN_INITIAL   0x000006    program     extern C:\Users\Paul Wood\Documents\Git\space-fuzz-pedal\colorize_analog.asm
    EXTERN_INTERRUPT_SERV   0x000055    program     extern C:\Users\Paul Wood\Documents\Git\space-fuzz-pedal\colorize_analog.asm
               FIRST_TRGR   0x00009f    program     static C:\Users\Paul Wood\Documents\Git\space-fuzz-pedal\colorize_analog.asm
                      G_1   0x000118    program     static C:\Users\Paul Wood\Documents\Git\space-fuzz-pedal\colorize_analog.asm
                     G_12   0x00011d    program     static C:\Users\Paul Wood\Documents\Git\space-fuzz-pedal\colorize_analog.asm
                     G_23   0x000159    program     static C:\Users\Paul Wood\Documents\Git\space-fuzz-pedal\colorize_analog.asm
                     G_34   0x000172    program     static C:\Users\Paul Wood\Documents\Git\space-fuzz-pedal\colorize_analog.asm
                      G_4   0x0001b3    program     static C:\Users\Paul Wood\Documents\Git\space-fuzz-pedal\colorize_analog.asm
              HALT_RENDER   0x0004b7    program     static ..\ws2813-firmware\WS2813.asm
                  INITIAL   0x0004d2    program     static ..\ws2813-firmware\WS2813.asm
           INTERRUPT_SERV   0x0004f5    program     static ..\ws2813-firmware\WS2813.asm
                 LSHIFT16   0x00054b    program     extern C:\Users\Paul Wood\Documents\Git\space-fuzz-pedal\UtilRoutines.asm
                   LSLOOP   0x000550    program     static C:\Users\Paul Wood\Documents\Git\space-fuzz-pedal\UtilRoutines.asm
              RENDER_LOOP   0x00052a    program     static ..\ws2813-firmware\WS2813.asm
                ROI_CHECK   0x000514    program     static ..\ws2813-firmware\WS2813.asm
                 RSHIFT16   0x00053b    program     extern C:\Users\Paul Wood\Documents\Git\space-fuzz-pedal\UtilRoutines.asm
                   RSLOOP   0x000540    program     static C:\Users\Paul Wood\Documents\Git\space-fuzz-pedal\UtilRoutines.asm
                      R_1   0x0001cc    program     static C:\Users\Paul Wood\Documents\Git\space-fuzz-pedal\colorize_analog.asm
                     R_12   0x0001d1    program     static C:\Users\Paul Wood\Documents\Git\space-fuzz-pedal\colorize_analog.asm
                     R_23   0x000212    program     static C:\Users\Paul Wood\Documents\Git\space-fuzz-pedal\colorize_analog.asm
                      R_3   0x00022b    program     static C:\Users\Paul Wood\Documents\Git\space-fuzz-pedal\colorize_analog.asm
              SECOND_TRGR   0x0000c9    program     static C:\Users\Paul Wood\Documents\Git\space-fuzz-pedal\colorize_analog.asm
                 SET_BLUE   0x000254    program     static C:\Users\Paul Wood\Documents\Git\space-fuzz-pedal\colorize_analog.asm
                SET_GREEN   0x000103    program     static C:\Users\Paul Wood\Documents\Git\space-fuzz-pedal\colorize_analog.asm
                 SET_PEAK   0x000090    program     static C:\Users\Paul Wood\Documents\Git\space-fuzz-pedal\colorize_analog.asm
                  SET_RED   0x0001b7    program     static C:\Users\Paul Wood\Documents\Git\space-fuzz-pedal\colorize_analog.asm
               SET_TROUGH   0x000071    program     static C:\Users\Paul Wood\Documents\Git\space-fuzz-pedal\colorize_analog.asm
                 SET_WRGB   0x000103    program     static C:\Users\Paul Wood\Documents\Git\space-fuzz-pedal\colorize_analog.asm
                    START   0x00051d    program     static ..\ws2813-firmware\WS2813.asm
              WRITE_FRAME   0x0002b0    program     static ..\ws2813-firmware\WS2813.asm
                WRITE_LED   0x0002b4    program     static ..\ws2813-firmware\WS2813.asm
             WS2813_WRITE   0x0002bb    program     static ..\ws2813-firmware\WS2813.asm
          _COLORIZOR_00AE   0x0000b4    program     static C:\Users\Paul Wood\Documents\Git\space-fuzz-pedal\colorize_analog.asm
          _COLORIZOR_00D8   0x0000de    program     static C:\Users\Paul Wood\Documents\Git\space-fuzz-pedal\colorize_analog.asm
             _RENDER_0065   0x000537    program     static ..\ws2813-firmware\WS2813.asm
              _WRITE_000C   0x0002bc    program     static ..\ws2813-firmware\WS2813.asm
              _WRITE_0016   0x0002c6    program     static ..\ws2813-firmware\WS2813.asm
              _WRITE_0021   0x0002d1    program     static ..\ws2813-firmware\WS2813.asm
              _WRITE_002B   0x0002db    program     static ..\ws2813-firmware\WS2813.asm
              _WRITE_0036   0x0002e6    program     static ..\ws2813-firmware\WS2813.asm
              _WRITE_0040   0x0002f0    program     static ..\ws2813-firmware\WS2813.asm
              _WRITE_004B   0x0002fb    program     static ..\ws2813-firmware\WS2813.asm
              _WRITE_0055   0x000305    program     static ..\ws2813-firmware\WS2813.asm
              _WRITE_0060   0x000310    program     static ..\ws2813-firmware\WS2813.asm
              _WRITE_006A   0x00031a    program     static ..\ws2813-firmware\WS2813.asm
              _WRITE_0075   0x000325    program     static ..\ws2813-firmware\WS2813.asm
              _WRITE_007F   0x00032f    program     static ..\ws2813-firmware\WS2813.asm
              _WRITE_008A   0x00033a    program     static ..\ws2813-firmware\WS2813.asm
              _WRITE_0094   0x000344    program     static ..\ws2813-firmware\WS2813.asm
              _WRITE_009F   0x00034f    program     static ..\ws2813-firmware\WS2813.asm
              _WRITE_00A9   0x000359    program     static ..\ws2813-firmware\WS2813.asm
              _WRITE_00B5   0x000365    program     static ..\ws2813-firmware\WS2813.asm
              _WRITE_00BF   0x00036f    program     static ..\ws2813-firmware\WS2813.asm
              _WRITE_00CA   0x00037a    program     static ..\ws2813-firmware\WS2813.asm
              _WRITE_00D4   0x000384    program     static ..\ws2813-firmware\WS2813.asm
              _WRITE_00DF   0x00038f    program     static ..\ws2813-firmware\WS2813.asm
              _WRITE_00E9   0x000399    program     static ..\ws2813-firmware\WS2813.asm
              _WRITE_00F4   0x0003a4    program     static ..\ws2813-firmware\WS2813.asm
              _WRITE_00FE   0x0003ae    program     static ..\ws2813-firmware\WS2813.asm
              _WRITE_0109   0x0003b9    program     static ..\ws2813-firmware\WS2813.asm
              _WRITE_0113   0x0003c3    program     static ..\ws2813-firmware\WS2813.asm
              _WRITE_011E   0x0003ce    program     static ..\ws2813-firmware\WS2813.asm
              _WRITE_0128   0x0003d8    program     static ..\ws2813-firmware\WS2813.asm
              _WRITE_0133   0x0003e3    program     static ..\ws2813-firmware\WS2813.asm
              _WRITE_013D   0x0003ed    program     static ..\ws2813-firmware\WS2813.asm
              _WRITE_0148   0x0003f8    program     static ..\ws2813-firmware\WS2813.asm
              _WRITE_0152   0x000402    program     static ..\ws2813-firmware\WS2813.asm
              _WRITE_015E   0x00040e    program     static ..\ws2813-firmware\WS2813.asm
              _WRITE_0168   0x000418    program     static ..\ws2813-firmware\WS2813.asm
              _WRITE_0173   0x000423    program     static ..\ws2813-firmware\WS2813.asm
              _WRITE_017D   0x00042d    program     static ..\ws2813-firmware\WS2813.asm
              _WRITE_0188   0x000438    program     static ..\ws2813-firmware\WS2813.asm
              _WRITE_0192   0x000442    program     static ..\ws2813-firmware\WS2813.asm
              _WRITE_019D   0x00044d    program     static ..\ws2813-firmware\WS2813.asm
              _WRITE_01A7   0x000457    program     static ..\ws2813-firmware\WS2813.asm
              _WRITE_01B2   0x000462    program     static ..\ws2813-firmware\WS2813.asm
              _WRITE_01BC   0x00046c    program     static ..\ws2813-firmware\WS2813.asm
              _WRITE_01C7   0x000477    program     static ..\ws2813-firmware\WS2813.asm
              _WRITE_01D1   0x000481    program     static ..\ws2813-firmware\WS2813.asm
              _WRITE_01DC   0x00048c    program     static ..\ws2813-firmware\WS2813.asm
              _WRITE_01E6   0x000496    program     static ..\ws2813-firmware\WS2813.asm
              _WRITE_01F1   0x0004a1    program     static ..\ws2813-firmware\WS2813.asm
              _WRITE_01FB   0x0004ab    program     static ..\ws2813-firmware\WS2813.asm
                 AMPL_WAV   0x000025       data     static C:\Users\Paul Wood\Documents\Git\space-fuzz-pedal\colorize_analog.asm
                       B1   0x000044       data     static C:\Users\Paul Wood\Documents\Git\space-fuzz-pedal\colorize_analog.asm
                       B2   0x000046       data     static C:\Users\Paul Wood\Documents\Git\space-fuzz-pedal\colorize_analog.asm
                      BS1   0x000043       data     static C:\Users\Paul Wood\Documents\Git\space-fuzz-pedal\colorize_analog.asm
                BSR_HCOPY   0x000128       data     static ..\ws2813-firmware\WS2813.asm
                  BUFFERH   0x0002a0       data     static ..\ws2813-firmware\WS2813.asm
                  BUFFERL   0x0001a0       data     static ..\ws2813-firmware\WS2813.asm
                  BUFFERM   0x000220       data     static ..\ws2813-firmware\WS2813.asm
                  DELTA_T   0x00002b       data     static C:\Users\Paul Wood\Documents\Git\space-fuzz-pedal\colorize_analog.asm
               FRAMECOUNT   0x000124       data     static ..\ws2813-firmware\WS2813.asm
              FSR0H_HCOPY   0x00012b       data     static ..\ws2813-firmware\WS2813.asm
              FSR0L_HCOPY   0x00012a       data     static ..\ws2813-firmware\WS2813.asm
              FSR1H_HCOPY   0x00012d       data     static ..\ws2813-firmware\WS2813.asm
              FSR1L_HCOPY   0x00012c       data     static ..\ws2813-firmware\WS2813.asm
                       G1   0x00003b       data     static C:\Users\Paul Wood\Documents\Git\space-fuzz-pedal\colorize_analog.asm
                       G2   0x00003d       data     static C:\Users\Paul Wood\Documents\Git\space-fuzz-pedal\colorize_analog.asm
                       G3   0x00003f       data     static C:\Users\Paul Wood\Documents\Git\space-fuzz-pedal\colorize_analog.asm
                       G4   0x000041       data     static C:\Users\Paul Wood\Documents\Git\space-fuzz-pedal\colorize_analog.asm
                      GS1   0x000039       data     static C:\Users\Paul Wood\Documents\Git\space-fuzz-pedal\colorize_analog.asm
                      GS2   0x00003a       data     static C:\Users\Paul Wood\Documents\Git\space-fuzz-pedal\colorize_analog.asm
                 LEDCOUNT   0x000123       data     static ..\ws2813-firmware\WS2813.asm
                  MAX_WAV   0x000029       data     static C:\Users\Paul Wood\Documents\Git\space-fuzz-pedal\colorize_analog.asm
                  MIN_WAV   0x000027       data     static C:\Users\Paul Wood\Documents\Git\space-fuzz-pedal\colorize_analog.asm
             PCLATH_HCOPY   0x000129       data     static ..\ws2813-firmware\WS2813.asm
                       R1   0x000033       data     static C:\Users\Paul Wood\Documents\Git\space-fuzz-pedal\colorize_analog.asm
                       R2   0x000035       data     static C:\Users\Paul Wood\Documents\Git\space-fuzz-pedal\colorize_analog.asm
                       R3   0x000037       data     static C:\Users\Paul Wood\Documents\Git\space-fuzz-pedal\colorize_analog.asm
               RENDER_CON   0x00012e       data     extern ..\ws2813-firmware\WS2813.asm
            RENDER_STATUS   0x00012f       data     extern ..\ws2813-firmware\WS2813.asm
                      RS1   0x000031       data     static C:\Users\Paul Wood\Documents\Git\space-fuzz-pedal\colorize_analog.asm
                      RS2   0x000032       data     static C:\Users\Paul Wood\Documents\Git\space-fuzz-pedal\colorize_analog.asm
                 SHIFTNUM   0x0005a0       data     extern C:\Users\Paul Wood\Documents\Git\space-fuzz-pedal\UtilRoutines.asm
             STATUS_HCOPY   0x000126       data     static ..\ws2813-firmware\WS2813.asm
                   TEMP16   0x000021       data     static C:\Users\Paul Wood\Documents\Git\space-fuzz-pedal\colorize_analog.asm
                    TEMP8   0x000020       data     static C:\Users\Paul Wood\Documents\Git\space-fuzz-pedal\colorize_analog.asm
                     TGRH   0x00002d       data     static C:\Users\Paul Wood\Documents\Git\space-fuzz-pedal\colorize_analog.asm
                     TGRL   0x00002f       data     static C:\Users\Paul Wood\Documents\Git\space-fuzz-pedal\colorize_analog.asm
                    WDATA   0x000023       data     static C:\Users\Paul Wood\Documents\Git\space-fuzz-pedal\colorize_analog.asm
               WREG_HCOPY   0x000127       data     static ..\ws2813-firmware\WS2813.asm
                     WRGB   0x000120       data     extern ..\ws2813-firmware\WS2813.asm
              WRITE_COUNT   0x000125       data     static ..\ws2813-firmware\WS2813.asm



                              Symbols - Sorted by Address
                     Name    Address   Location    Storage File                     
                ---------  ---------  ---------  --------- ---------                
           EXTERN_INITIAL   0x000006    program     extern C:\Users\Paul Wood\Documents\Git\space-fuzz-pedal\colorize_analog.asm
                      ACQ   0x000038    program     static C:\Users\Paul Wood\Documents\Git\space-fuzz-pedal\colorize_analog.asm
    EXTERN_INTERRUPT_SERV   0x000055    program     extern C:\Users\Paul Wood\Documents\Git\space-fuzz-pedal\colorize_analog.asm
               SET_TROUGH   0x000071    program     static C:\Users\Paul Wood\Documents\Git\space-fuzz-pedal\colorize_analog.asm
                END_TEST1   0x000079    program     static C:\Users\Paul Wood\Documents\Git\space-fuzz-pedal\colorize_analog.asm
                 SET_PEAK   0x000090    program     static C:\Users\Paul Wood\Documents\Git\space-fuzz-pedal\colorize_analog.asm
                END_TEST2   0x000098    program     static C:\Users\Paul Wood\Documents\Git\space-fuzz-pedal\colorize_analog.asm
               FIRST_TRGR   0x00009f    program     static C:\Users\Paul Wood\Documents\Git\space-fuzz-pedal\colorize_analog.asm
          _COLORIZOR_00AE   0x0000b4    program     static C:\Users\Paul Wood\Documents\Git\space-fuzz-pedal\colorize_analog.asm
              SECOND_TRGR   0x0000c9    program     static C:\Users\Paul Wood\Documents\Git\space-fuzz-pedal\colorize_analog.asm
          _COLORIZOR_00D8   0x0000de    program     static C:\Users\Paul Wood\Documents\Git\space-fuzz-pedal\colorize_analog.asm
            END_TRGR_TEST   0x0000fd    program     static C:\Users\Paul Wood\Documents\Git\space-fuzz-pedal\colorize_analog.asm
                DO_RENDER   0x000100    program     extern C:\Users\Paul Wood\Documents\Git\space-fuzz-pedal\colorize_analog.asm
                 SET_WRGB   0x000103    program     static C:\Users\Paul Wood\Documents\Git\space-fuzz-pedal\colorize_analog.asm
                SET_GREEN   0x000103    program     static C:\Users\Paul Wood\Documents\Git\space-fuzz-pedal\colorize_analog.asm
                      G_1   0x000118    program     static C:\Users\Paul Wood\Documents\Git\space-fuzz-pedal\colorize_analog.asm
                     G_12   0x00011d    program     static C:\Users\Paul Wood\Documents\Git\space-fuzz-pedal\colorize_analog.asm
                     G_23   0x000159    program     static C:\Users\Paul Wood\Documents\Git\space-fuzz-pedal\colorize_analog.asm
                     G_34   0x000172    program     static C:\Users\Paul Wood\Documents\Git\space-fuzz-pedal\colorize_analog.asm
                      G_4   0x0001b3    program     static C:\Users\Paul Wood\Documents\Git\space-fuzz-pedal\colorize_analog.asm
                  SET_RED   0x0001b7    program     static C:\Users\Paul Wood\Documents\Git\space-fuzz-pedal\colorize_analog.asm
                      R_1   0x0001cc    program     static C:\Users\Paul Wood\Documents\Git\space-fuzz-pedal\colorize_analog.asm
                     R_12   0x0001d1    program     static C:\Users\Paul Wood\Documents\Git\space-fuzz-pedal\colorize_analog.asm
                     R_23   0x000212    program     static C:\Users\Paul Wood\Documents\Git\space-fuzz-pedal\colorize_analog.asm
                      R_3   0x00022b    program     static C:\Users\Paul Wood\Documents\Git\space-fuzz-pedal\colorize_analog.asm
                 SET_BLUE   0x000254    program     static C:\Users\Paul Wood\Documents\Git\space-fuzz-pedal\colorize_analog.asm
                      B_1   0x000269    program     static C:\Users\Paul Wood\Documents\Git\space-fuzz-pedal\colorize_analog.asm
                     B_12   0x00026e    program     static C:\Users\Paul Wood\Documents\Git\space-fuzz-pedal\colorize_analog.asm
                     B_23   0x0002aa    program     static C:\Users\Paul Wood\Documents\Git\space-fuzz-pedal\colorize_analog.asm
              WRITE_FRAME   0x0002b0    program     static ..\ws2813-firmware\WS2813.asm
                WRITE_LED   0x0002b4    program     static ..\ws2813-firmware\WS2813.asm
             WS2813_WRITE   0x0002bb    program     static ..\ws2813-firmware\WS2813.asm
              _WRITE_000C   0x0002bc    program     static ..\ws2813-firmware\WS2813.asm
              _WRITE_0016   0x0002c6    program     static ..\ws2813-firmware\WS2813.asm
              _WRITE_0021   0x0002d1    program     static ..\ws2813-firmware\WS2813.asm
              _WRITE_002B   0x0002db    program     static ..\ws2813-firmware\WS2813.asm
              _WRITE_0036   0x0002e6    program     static ..\ws2813-firmware\WS2813.asm
              _WRITE_0040   0x0002f0    program     static ..\ws2813-firmware\WS2813.asm
              _WRITE_004B   0x0002fb    program     static ..\ws2813-firmware\WS2813.asm
              _WRITE_0055   0x000305    program     static ..\ws2813-firmware\WS2813.asm
              _WRITE_0060   0x000310    program     static ..\ws2813-firmware\WS2813.asm
              _WRITE_006A   0x00031a    program     static ..\ws2813-firmware\WS2813.asm
              _WRITE_0075   0x000325    program     static ..\ws2813-firmware\WS2813.asm
              _WRITE_007F   0x00032f    program     static ..\ws2813-firmware\WS2813.asm
              _WRITE_008A   0x00033a    program     static ..\ws2813-firmware\WS2813.asm
              _WRITE_0094   0x000344    program     static ..\ws2813-firmware\WS2813.asm
              _WRITE_009F   0x00034f    program     static ..\ws2813-firmware\WS2813.asm
              _WRITE_00A9   0x000359    program     static ..\ws2813-firmware\WS2813.asm
              _WRITE_00B5   0x000365    program     static ..\ws2813-firmware\WS2813.asm
              _WRITE_00BF   0x00036f    program     static ..\ws2813-firmware\WS2813.asm
              _WRITE_00CA   0x00037a    program     static ..\ws2813-firmware\WS2813.asm
              _WRITE_00D4   0x000384    program     static ..\ws2813-firmware\WS2813.asm
              _WRITE_00DF   0x00038f    program     static ..\ws2813-firmware\WS2813.asm
              _WRITE_00E9   0x000399    program     static ..\ws2813-firmware\WS2813.asm
              _WRITE_00F4   0x0003a4    program     static ..\ws2813-firmware\WS2813.asm
              _WRITE_00FE   0x0003ae    program     static ..\ws2813-firmware\WS2813.asm
              _WRITE_0109   0x0003b9    program     static ..\ws2813-firmware\WS2813.asm
              _WRITE_0113   0x0003c3    program     static ..\ws2813-firmware\WS2813.asm
              _WRITE_011E   0x0003ce    program     static ..\ws2813-firmware\WS2813.asm
              _WRITE_0128   0x0003d8    program     static ..\ws2813-firmware\WS2813.asm
              _WRITE_0133   0x0003e3    program     static ..\ws2813-firmware\WS2813.asm
              _WRITE_013D   0x0003ed    program     static ..\ws2813-firmware\WS2813.asm
              _WRITE_0148   0x0003f8    program     static ..\ws2813-firmware\WS2813.asm
              _WRITE_0152   0x000402    program     static ..\ws2813-firmware\WS2813.asm
              _WRITE_015E   0x00040e    program     static ..\ws2813-firmware\WS2813.asm
              _WRITE_0168   0x000418    program     static ..\ws2813-firmware\WS2813.asm
              _WRITE_0173   0x000423    program     static ..\ws2813-firmware\WS2813.asm
              _WRITE_017D   0x00042d    program     static ..\ws2813-firmware\WS2813.asm
              _WRITE_0188   0x000438    program     static ..\ws2813-firmware\WS2813.asm
              _WRITE_0192   0x000442    program     static ..\ws2813-firmware\WS2813.asm
              _WRITE_019D   0x00044d    program     static ..\ws2813-firmware\WS2813.asm
              _WRITE_01A7   0x000457    program     static ..\ws2813-firmware\WS2813.asm
              _WRITE_01B2   0x000462    program     static ..\ws2813-firmware\WS2813.asm
              _WRITE_01BC   0x00046c    program     static ..\ws2813-firmware\WS2813.asm
              _WRITE_01C7   0x000477    program     static ..\ws2813-firmware\WS2813.asm
              _WRITE_01D1   0x000481    program     static ..\ws2813-firmware\WS2813.asm
              _WRITE_01DC   0x00048c    program     static ..\ws2813-firmware\WS2813.asm
              _WRITE_01E6   0x000496    program     static ..\ws2813-firmware\WS2813.asm
              _WRITE_01F1   0x0004a1    program     static ..\ws2813-firmware\WS2813.asm
              _WRITE_01FB   0x0004ab    program     static ..\ws2813-firmware\WS2813.asm
              HALT_RENDER   0x0004b7    program     static ..\ws2813-firmware\WS2813.asm
                  INITIAL   0x0004d2    program     static ..\ws2813-firmware\WS2813.asm
           INTERRUPT_SERV   0x0004f5    program     static ..\ws2813-firmware\WS2813.asm
                ROI_CHECK   0x000514    program     static ..\ws2813-firmware\WS2813.asm
          CONTINUE_RENDER   0x000518    program     static ..\ws2813-firmware\WS2813.asm
                    START   0x00051d    program     static ..\ws2813-firmware\WS2813.asm
              RENDER_LOOP   0x00052a    program     static ..\ws2813-firmware\WS2813.asm
             _RENDER_0065   0x000537    program     static ..\ws2813-firmware\WS2813.asm
                 RSHIFT16   0x00053b    program     extern C:\Users\Paul Wood\Documents\Git\space-fuzz-pedal\UtilRoutines.asm
                   RSLOOP   0x000540    program     static C:\Users\Paul Wood\Documents\Git\space-fuzz-pedal\UtilRoutines.asm
                 LSHIFT16   0x00054b    program     extern C:\Users\Paul Wood\Documents\Git\space-fuzz-pedal\UtilRoutines.asm
                   LSLOOP   0x000550    program     static C:\Users\Paul Wood\Documents\Git\space-fuzz-pedal\UtilRoutines.asm
                    TEMP8   0x000020       data     static C:\Users\Paul Wood\Documents\Git\space-fuzz-pedal\colorize_analog.asm
                   TEMP16   0x000021       data     static C:\Users\Paul Wood\Documents\Git\space-fuzz-pedal\colorize_analog.asm
                    WDATA   0x000023       data     static C:\Users\Paul Wood\Documents\Git\space-fuzz-pedal\colorize_analog.asm
                 AMPL_WAV   0x000025       data     static C:\Users\Paul Wood\Documents\Git\space-fuzz-pedal\colorize_analog.asm
                  MIN_WAV   0x000027       data     static C:\Users\Paul Wood\Documents\Git\space-fuzz-pedal\colorize_analog.asm
                  MAX_WAV   0x000029       data     static C:\Users\Paul Wood\Documents\Git\space-fuzz-pedal\colorize_analog.asm
                  DELTA_T   0x00002b       data     static C:\Users\Paul Wood\Documents\Git\space-fuzz-pedal\colorize_analog.asm
                     TGRH   0x00002d       data     static C:\Users\Paul Wood\Documents\Git\space-fuzz-pedal\colorize_analog.asm
                     TGRL   0x00002f       data     static C:\Users\Paul Wood\Documents\Git\space-fuzz-pedal\colorize_analog.asm
                      RS1   0x000031       data     static C:\Users\Paul Wood\Documents\Git\space-fuzz-pedal\colorize_analog.asm
                      RS2   0x000032       data     static C:\Users\Paul Wood\Documents\Git\space-fuzz-pedal\colorize_analog.asm
                       R1   0x000033       data     static C:\Users\Paul Wood\Documents\Git\space-fuzz-pedal\colorize_analog.asm
                       R2   0x000035       data     static C:\Users\Paul Wood\Documents\Git\space-fuzz-pedal\colorize_analog.asm
                       R3   0x000037       data     static C:\Users\Paul Wood\Documents\Git\space-fuzz-pedal\colorize_analog.asm
                      GS1   0x000039       data     static C:\Users\Paul Wood\Documents\Git\space-fuzz-pedal\colorize_analog.asm
                      GS2   0x00003a       data     static C:\Users\Paul Wood\Documents\Git\space-fuzz-pedal\colorize_analog.asm
                       G1   0x00003b       data     static C:\Users\Paul Wood\Documents\Git\space-fuzz-pedal\colorize_analog.asm
                       G2   0x00003d       data     static C:\Users\Paul Wood\Documents\Git\space-fuzz-pedal\colorize_analog.asm
                       G3   0x00003f       data     static C:\Users\Paul Wood\Documents\Git\space-fuzz-pedal\colorize_analog.asm
                       G4   0x000041       data     static C:\Users\Paul Wood\Documents\Git\space-fuzz-pedal\colorize_analog.asm
                      BS1   0x000043       data     static C:\Users\Paul Wood\Documents\Git\space-fuzz-pedal\colorize_analog.asm
                       B1   0x000044       data     static C:\Users\Paul Wood\Documents\Git\space-fuzz-pedal\colorize_analog.asm
                       B2   0x000046       data     static C:\Users\Paul Wood\Documents\Git\space-fuzz-pedal\colorize_analog.asm
                     WRGB   0x000120       data     extern ..\ws2813-firmware\WS2813.asm
                 LEDCOUNT   0x000123       data     static ..\ws2813-firmware\WS2813.asm
               FRAMECOUNT   0x000124       data     static ..\ws2813-firmware\WS2813.asm
              WRITE_COUNT   0x000125       data     static ..\ws2813-firmware\WS2813.asm
             STATUS_HCOPY   0x000126       data     static ..\ws2813-firmware\WS2813.asm
               WREG_HCOPY   0x000127       data     static ..\ws2813-firmware\WS2813.asm
                BSR_HCOPY   0x000128       data     static ..\ws2813-firmware\WS2813.asm
             PCLATH_HCOPY   0x000129       data     static ..\ws2813-firmware\WS2813.asm
              FSR0L_HCOPY   0x00012a       data     static ..\ws2813-firmware\WS2813.asm
              FSR0H_HCOPY   0x00012b       data     static ..\ws2813-firmware\WS2813.asm
              FSR1L_HCOPY   0x00012c       data     static ..\ws2813-firmware\WS2813.asm
              FSR1H_HCOPY   0x00012d       data     static ..\ws2813-firmware\WS2813.asm
               RENDER_CON   0x00012e       data     extern ..\ws2813-firmware\WS2813.asm
            RENDER_STATUS   0x00012f       data     extern ..\ws2813-firmware\WS2813.asm
                  BUFFERL   0x0001a0       data     static ..\ws2813-firmware\WS2813.asm
                  BUFFERM   0x000220       data     static ..\ws2813-firmware\WS2813.asm
                  BUFFERH   0x0002a0       data     static ..\ws2813-firmware\WS2813.asm
                 SHIFTNUM   0x0005a0       data     extern C:\Users\Paul Wood\Documents\Git\space-fuzz-pedal\UtilRoutines.asm


